// Jest Snapshot v1, https://goo.gl/fbAQLP

exports[`renders modal form 1`] = `
Object {
  "asFragment": [Function],
  "baseElement": <body>
    <div>
      <div
        class="modal__form"
      >
        <fieldset
          class="modal__personal"
        >
          <legend
            class="modal__personal-info"
          >
            Personal information:
          </legend>
          <label
            for="name"
          >
            First name and last name: 
          </label>
          <input
            id="name"
            type="text"
            value=""
          />
          <label
            for="number"
          >
            Phone number: 
          </label>
          <input
            id="number"
            type="tel"
            value=""
          />
          <label
            for="adress"
          >
            Delivery adress: 
          </label>
          <input
            id="address"
            type="text"
            value=""
          />
          <label
            for="email"
          >
            E-mail: 
          </label>
          <input
            id="email"
            type="email"
            value=""
          />
        </fieldset>
        <fieldset
          class="modal__credit"
        >
          <legend
            class="modal__credit-card"
          >
            Credit card details:
          </legend>
          <label
            for="card"
          >
            Card number: 
          </label>
          <input
            id="card"
            type="text"
            value=""
          />
          <span
            class="modal__image"
          />
          <label
            for="date"
          >
            Expiry date: 
          </label>
          <input
            id="date"
            type="text"
            value=""
          />
          <label
            for="cvv"
          >
            CVV: 
          </label>
          <input
            class="cvv-input"
            id="cvv"
            type="number"
            value=""
          />
        </fieldset>
        <button
          class="modal__button"
          type="submit"
        >
          Confirm
        </button>
      </div>
    </div>
  </body>,
  "container": <div>
    <div
      class="modal__form"
    >
      <fieldset
        class="modal__personal"
      >
        <legend
          class="modal__personal-info"
        >
          Personal information:
        </legend>
        <label
          for="name"
        >
          First name and last name: 
        </label>
        <input
          id="name"
          type="text"
          value=""
        />
        <label
          for="number"
        >
          Phone number: 
        </label>
        <input
          id="number"
          type="tel"
          value=""
        />
        <label
          for="adress"
        >
          Delivery adress: 
        </label>
        <input
          id="address"
          type="text"
          value=""
        />
        <label
          for="email"
        >
          E-mail: 
        </label>
        <input
          id="email"
          type="email"
          value=""
        />
      </fieldset>
      <fieldset
        class="modal__credit"
      >
        <legend
          class="modal__credit-card"
        >
          Credit card details:
        </legend>
        <label
          for="card"
        >
          Card number: 
        </label>
        <input
          id="card"
          type="text"
          value=""
        />
        <span
          class="modal__image"
        />
        <label
          for="date"
        >
          Expiry date: 
        </label>
        <input
          id="date"
          type="text"
          value=""
        />
        <label
          for="cvv"
        >
          CVV: 
        </label>
        <input
          class="cvv-input"
          id="cvv"
          type="number"
          value=""
        />
      </fieldset>
      <button
        class="modal__button"
        type="submit"
      >
        Confirm
      </button>
    </div>
  </div>,
  "debug": [Function],
  "findAllByAltText": [Function],
  "findAllByDisplayValue": [Function],
  "findAllByLabelText": [Function],
  "findAllByPlaceholderText": [Function],
  "findAllByRole": [Function],
  "findAllByTestId": [Function],
  "findAllByText": [Function],
  "findAllByTitle": [Function],
  "findByAltText": [Function],
  "findByDisplayValue": [Function],
  "findByLabelText": [Function],
  "findByPlaceholderText": [Function],
  "findByRole": [Function],
  "findByTestId": [Function],
  "findByText": [Function],
  "findByTitle": [Function],
  "getAllByAltText": [Function],
  "getAllByDisplayValue": [Function],
  "getAllByLabelText": [Function],
  "getAllByPlaceholderText": [Function],
  "getAllByRole": [Function],
  "getAllByTestId": [Function],
  "getAllByText": [Function],
  "getAllByTitle": [Function],
  "getByAltText": [Function],
  "getByDisplayValue": [Function],
  "getByLabelText": [Function],
  "getByPlaceholderText": [Function],
  "getByRole": [Function],
  "getByTestId": [Function],
  "getByText": [Function],
  "getByTitle": [Function],
  "queryAllByAltText": [Function],
  "queryAllByDisplayValue": [Function],
  "queryAllByLabelText": [Function],
  "queryAllByPlaceholderText": [Function],
  "queryAllByRole": [Function],
  "queryAllByTestId": [Function],
  "queryAllByText": [Function],
  "queryAllByTitle": [Function],
  "queryByAltText": [Function],
  "queryByDisplayValue": [Function],
  "queryByLabelText": [Function],
  "queryByPlaceholderText": [Function],
  "queryByRole": [Function],
  "queryByTestId": [Function],
  "queryByText": [Function],
  "queryByTitle": [Function],
  "rerender": [Function],
  "unmount": [Function],
}
`;
