// Jest Snapshot v1, https://goo.gl/fbAQLP

exports[`renders header 1`] = `
Object {
  "asFragment": [Function],
  "baseElement": <body>
    <div>
      <div
        class="header"
      >
        <div
          class="container"
        >
          <div
            class="header__wrapper"
          >
            <a
              class="header__link"
              href="/"
            >
              <div
                class="header__logo"
              />
            </a>
            <div
              class="header__sum"
            >
              <span
                class="header__sum_title"
              >
                 Cart total: 
              </span>
              <span
                class="header__sum_number"
              >
                3000
                $
              </span>
            </div>
            <a
              class="header__link"
              href="/cart"
            >
              <div
                class="header__cart"
              >
                <span
                  class="cart__image"
                />
                <div
                  class="cart__text"
                >
                  <p
                    class="cart__name"
                  >
                    My Cart
                  </p>
                  <p
                    class="cart__count"
                  >
                    10
                     Items
                  </p>
                </div>
              </div>
            </a>
          </div>
        </div>
      </div>
    </div>
  </body>,
  "container": <div>
    <div
      class="header"
    >
      <div
        class="container"
      >
        <div
          class="header__wrapper"
        >
          <a
            class="header__link"
            href="/"
          >
            <div
              class="header__logo"
            />
          </a>
          <div
            class="header__sum"
          >
            <span
              class="header__sum_title"
            >
               Cart total: 
            </span>
            <span
              class="header__sum_number"
            >
              3000
              $
            </span>
          </div>
          <a
            class="header__link"
            href="/cart"
          >
            <div
              class="header__cart"
            >
              <span
                class="cart__image"
              />
              <div
                class="cart__text"
              >
                <p
                  class="cart__name"
                >
                  My Cart
                </p>
                <p
                  class="cart__count"
                >
                  10
                   Items
                </p>
              </div>
            </div>
          </a>
        </div>
      </div>
    </div>
  </div>,
  "debug": [Function],
  "findAllByAltText": [Function],
  "findAllByDisplayValue": [Function],
  "findAllByLabelText": [Function],
  "findAllByPlaceholderText": [Function],
  "findAllByRole": [Function],
  "findAllByTestId": [Function],
  "findAllByText": [Function],
  "findAllByTitle": [Function],
  "findByAltText": [Function],
  "findByDisplayValue": [Function],
  "findByLabelText": [Function],
  "findByPlaceholderText": [Function],
  "findByRole": [Function],
  "findByTestId": [Function],
  "findByText": [Function],
  "findByTitle": [Function],
  "getAllByAltText": [Function],
  "getAllByDisplayValue": [Function],
  "getAllByLabelText": [Function],
  "getAllByPlaceholderText": [Function],
  "getAllByRole": [Function],
  "getAllByTestId": [Function],
  "getAllByText": [Function],
  "getAllByTitle": [Function],
  "getByAltText": [Function],
  "getByDisplayValue": [Function],
  "getByLabelText": [Function],
  "getByPlaceholderText": [Function],
  "getByRole": [Function],
  "getByTestId": [Function],
  "getByText": [Function],
  "getByTitle": [Function],
  "queryAllByAltText": [Function],
  "queryAllByDisplayValue": [Function],
  "queryAllByLabelText": [Function],
  "queryAllByPlaceholderText": [Function],
  "queryAllByRole": [Function],
  "queryAllByTestId": [Function],
  "queryAllByText": [Function],
  "queryAllByTitle": [Function],
  "queryByAltText": [Function],
  "queryByDisplayValue": [Function],
  "queryByLabelText": [Function],
  "queryByPlaceholderText": [Function],
  "queryByRole": [Function],
  "queryByTestId": [Function],
  "queryByText": [Function],
  "queryByTitle": [Function],
  "rerender": [Function],
  "unmount": [Function],
}
`;
